{
	"wallets": [
		{
			"name": "integration_test.wlt",
			"label": "",
			"address_num": 2
		}
	]
}
